ft_c1_165000 fid_a2b 104.272 fid_b2a 98.824
ft_c1_170000 fid_a2b 105.645 fid_b2a 98.055
ft_c1_175000 fid_a2b 105.156 fid_b2a 98.271
ft_c1_180000 fid_a2b 102.885 fid_b2a 99.714
ft_c25_155000 fid_a2b 105.386 fid_b2a 97.974
ft_c25_160000 fid_a2b 103.424 fid_b2a 100.01
ft_c1 last.pt step: 180000
ft_c1_180000_raw fid_a2b 103.533 fid_b2a 99.184
ft_c1_180000_ema_fromlast fid_a2b 102.885 fid_b2a 99.714
avg_175000_180000 fid_a2b 103.623 fid_b2a 98.562
avg_170000_175000_180000 fid_a2b 104.205 fid_b2a 98.326
avg_165000_170000_175000_180000 fid_a2b 103.781 fid_b2a 98.042
avg_160000_165000_170000_175000_180000 fid_a2b 102.888 fid_b2a 98.59
floor photo n 100 fid 132.02
floor monet n 100 fid 124.585
floor photo n 150 fid 115.436
floor monet n 150 fid 105.119
floor photo n 200 fid 100.14
floor photo n 300 fid 80.54

                                  name    fid_a2b  mifid_a2b    fid_b2a  mifid_b2a  quick_score
                          ft_c1_165000 104.272244   0.422534  98.824329   0.405161    50.981067
                          ft_c1_170000 105.644771   0.422715  98.054868   0.405060    51.131854
                          ft_c1_175000 105.155918   0.423607  98.270877   0.403750    51.063538
                          ft_c1_180000 102.885287   0.422104  99.714096   0.404613    50.856525
                         ft_c25_155000 105.385546   0.423764  97.974149   0.407504    51.047741
                         ft_c25_160000 103.424254   0.424667 100.009626   0.409298    51.066961
                      ft_c1_180000_raw 103.533014   0.421184  99.184192   0.403348    50.885434
             ft_c1_180000_ema_fromlast 102.885287   0.422104  99.714096   0.404613    50.856525
                     avg_175000_180000 103.622899   0.422039  98.561618   0.403368    50.752481
              avg_170000_175000_180000 104.205212   0.422681  98.325851   0.403929    50.839418
       avg_165000_170000_175000_180000 103.781328   0.423118  98.042156   0.405212    50.662953
avg_160000_165000_170000_175000_180000 102.888125   0.422713  98.589908   0.405421    50.576542

            name domain   n        fid    mifid
floor_photo_n100  photo 100 132.020301 0.436016
floor_monet_n100  monet 100 124.585158 0.394161
floor_photo_n150  photo 150 115.435967 0.435786
floor_monet_n150  monet 150 105.119226 0.397465
floor_photo_n200  photo 200 100.139594 0.435509
floor_photo_n300  photo 300  80.539786 0.435577

best_single: ft_c1_180000 quick_score 50.857
best_avg: avg_160000_165000_170000_175000_180000 quick_score 50.577
best_a2b: ft_c1_180000 fid_a2b 102.885
best_b2a: ft_c25_155000 fid_b2a 97.974
mixed_score (a2b+b2a avg, positive, lower better): 50.422
